128-bit Integer Addition Demo

First number:  0x123456789ABCDEF0FEDCBA9876543210
Second number: 0x00000000111111112222222222222222
Result:        0x12345678ABCDF00220FEDCBA98765432
