Testing ARM Addressing Modes...

All addressing mode tests passed!
