Enter temperature in Celsius: Temperature in Fahrenheit: 77
