100 / 7 = 14 remainder 2
1000 / 17 = 58 remainder 14
144 / 12 = 12 remainder 0
42 / 1 = 42 remainder 0
5 / 10 = 0 remainder 5
0 / 5 = 0 remainder 0
