How many Fibonacci numbers to generate (1-20)? Fibonacci sequence: 0, 1, 1, 2, 3, 5, 8, 13, 21, 34
