Hash Table Implementation

Inserting key-value pairs:
  Inserted: 100 -> 1000
  Inserted: 42 -> 420
  Inserted: 17 -> 170
  Inserted: 33 -> 34055 (collision resolved)
  Inserted: 255 -> 34055

Hash Table Contents:
  [0: empty]
  [1: 17 -> 170
  [2: 33 -> 170
  [3: empty]
  [4: 100 -> 1000
  [5: empty]
  [6: empty]
  [7: empty]
  [8: empty]
  [9: empty]
  [10: 42 -> 420
  [11: empty]
  [12: empty]
  [13: empty]
  [14: empty]
  [15: 255 -> 170

Lookup Tests:
  Found: 42 -> 420
  Found: 33 -> 170
  Not found: 99

All operations completed successfully!
