Memory Operations Stress Test
Test 1: Sequential access... PASS
Test 2: Strided access... PASS
Test 3: Byte operations... PASS
Test 4: Indexed addressing... PASS
Test 5: LDM/STM operations... PASS
All memory tests completed!
