Recursive Factorial Calculator
factorial(0) = 1
factorial(5) = 120
factorial(10) = 3628800
All factorial tests passed!
