Stack-Based Calculator
Evaluating: (5 + 3) * 2
Result: 16
Evaluating: (10 - 6) / 2
Result: 2
