=== Register Dump ===
R0  = 0x0000000C (12)
R1  = 0x0000000C (12)
R2  = 0x00000000 (0)
R3  = 0x00000000 (0)
R4  = 0x00000000 (0)
R5  = 0x00000000 (0)
R6  = 0x00000000 (0)
R7  = 0x00000000 (0)
R8  = 0x00000000 (0)
R9  = 0x00000000 (0)
R10 = 0x00000000 (0)
R11 = 0x00000000 (0)
R12 = 0x00000000 (0)
R13 = 0x00050000 (327680)
R14 = 0x00000000 (0)
PC  = 0x00000014
CPSR = [----]
====================
=== Register Dump ===
R0  = 0x0000000C (12)
R1  = 0x0000000C (12)
R2  = 0x0000000C (12)
R3  = 0x00000000 (0)
R4  = 0x00000000 (0)
R5  = 0x00000000 (0)
R6  = 0x00000000 (0)
R7  = 0x00000000 (0)
R8  = 0x00000000 (0)
R9  = 0x00000000 (0)
R10 = 0x00000000 (0)
R11 = 0x00000000 (0)
R12 = 0x00000000 (0)
R13 = 0x00050000 (327680)
R14 = 0x00000000 (0)
PC  = 0x00000024
CPSR = [-ZC-]
====================
=== Register Dump ===
R0  = 0x0000000C (12)
R1  = 0x0000000C (12)
R2  = 0x0000000C (12)
R3  = 0x00000000 (0)
R4  = 0x00000000 (0)
R5  = 0x00000000 (0)
R6  = 0x00000000 (0)
R7  = 0x00000000 (0)
R8  = 0x00000000 (0)
R9  = 0x00000000 (0)
R10 = 0x00000000 (0)
R11 = 0x00000000 (0)
R12 = 0x00000000 (0)
R13 = 0x00050000 (327680)
R14 = 0x00000000 (0)
PC  = 0x00000038
CPSR = [-ZC-]
====================
PASS: Constant expressions work correctly
